{"synthetic": false,
 "schemaVersion": "2025-09-10",
 "outputs":
 {"o": ["0d26efd314207eb7.olean"],
  "m": false,
  "i": "f0ce369008c587d5.ilean",
  "c": "26a084c154649bf2.c"},
 "log":
 [{"message":
   ".> LEAN_PATH=/Users/mac/projects/poker_texas_air/src/airs_lean/.lake/packages/Cli/.lake/build/lib/lean:/Users/mac/projects/poker_texas_air/src/airs_lean/.lake/packages/batteries/.lake/build/lib/lean:/Users/mac/projects/poker_texas_air/src/airs_lean/.lake/packages/Qq/.lake/build/lib/lean:/Users/mac/projects/poker_texas_air/src/airs_lean/.lake/packages/aesop/.lake/build/lib/lean:/Users/mac/projects/poker_texas_air/src/airs_lean/.lake/packages/proofwidgets/.lake/build/lib/lean:/Users/mac/projects/poker_texas_air/src/airs_lean/.lake/packages/importGraph/.lake/build/lib/lean:/Users/mac/projects/poker_texas_air/src/airs_lean/.lake/packages/LeanSearchClient/.lake/build/lib/lean:/Users/mac/projects/poker_texas_air/src/airs_lean/.lake/packages/plausible/.lake/build/lib/lean:/Users/mac/projects/poker_texas_air/src/airs_lean/.lake/packages/mathlib/.lake/build/lib/lean:/Users/mac/projects/poker_texas_air/src/airs_lean/.lake/build/lib/lean /Users/mac/.elan/toolchains/leanprover--lean4---v4.32.0/bin/lean /Users/mac/projects/poker_texas_air/src/airs_lean/AirsLean.lean -o /Users/mac/projects/poker_texas_air/src/airs_lean/.lake/build/lib/lean/AirsLean.olean -i /Users/mac/projects/poker_texas_air/src/airs_lean/.lake/build/lib/lean/AirsLean.ilean -c /Users/mac/projects/poker_texas_air/src/airs_lean/.lake/build/ir/AirsLean.c --setup /Users/mac/projects/poker_texas_air/src/airs_lean/.lake/build/ir/AirsLean.setup.json --json",
   "level": "trace"}],
 "inputs":
 [["AirsLean:deps",
   [["deps",
     [["airs_lean/AirsLean:extraDep",
       [["@airs_lean:extraDep", "00000000000006bb"]]],
      ["imports",
       [["AirsLean.Foundations transitive imports (legacy)",
         "b7973f99629df124"],
        ["AirsLean.Foundations:importAllArts", "e4aa45202cdbdabb"],
        ["AirsLean.Soundness transitive imports (legacy)", "10941b1d411314b3"],
        ["AirsLean.Soundness:importAllArts", "234d4f2d6067e3b5"],
        ["AirsLean.Custody transitive imports (legacy)", "dcacc7aafe9f758f"],
        ["AirsLean.Custody:importAllArts", "9ff311f187f70421"],
        ["AirsLean.Censorship transitive imports (legacy)", "a4fec06f12724f7b"],
        ["AirsLean.Censorship:importAllArts", "2effab201cc67467"],
        ["AirsLean.Top transitive imports (legacy)", "6b5d842a7bb454ce"],
        ["AirsLean.Top:importAllArts", "e83763bc2427ad51"]]]]],
    ["libs",
     [["import dynlibs", "00000000000006bb"],
      ["package external libraries", "00000000000006bb"],
      ["module dynlibs", "00000000000006bb"],
      ["module plugins", "00000000000006bb"]]]]],
  ["Lean 4.32.0, commit 8c9756b28d64dab099da31a4c09229a9e6a2ef35",
   "5d4a267a1ba5cafb"],
  ["/Users/mac/projects/poker_texas_air/src/airs_lean/AirsLean.lean",
   "a2759df8e016caff"],
  ["options",
   [["-Dpp.unicode=true", "5d551e0558a65aa9"],
    ["-DrelaxedAutoImplicit=false", "74a2b5546b55be80"],
    ["-DmaxRecDepth=1024", "6d020e838abbb30a"],
    ["-DmaxHeartbeats=5120000", "131e5bfe772120a4"],
    ["-DautoImplicit=false", "4a85acb881fd49d0"]]],
  ["isModule: false", "feefd2a0d3a1847e"],
  ["Module.name: AirsLean", "48b98737c18bfa94"],
  ["Package.id?: (some airs_lean)", "f3f380a7e15b4cb6"],
  ["Module.leanArgs: #[]", "00000000000006bb"]],
 "depHash": "5c6393a49913d88e"}