{"synthetic": false,
 "schemaVersion": "2025-09-10",
 "outputs":
 {"o": ["37e8634e41a8d758.olean"],
  "m": false,
  "i": "7a0139759d17203c.ilean",
  "c": "e2c5e0ae6de15e9e.c"},
 "log":
 [{"message":
   ".> LEAN_PATH=/Users/mac/projects/poker_texas_air/src/airs_lean/.lake/packages/Cli/.lake/build/lib/lean:/Users/mac/projects/poker_texas_air/src/airs_lean/.lake/packages/batteries/.lake/build/lib/lean:/Users/mac/projects/poker_texas_air/src/airs_lean/.lake/packages/Qq/.lake/build/lib/lean:/Users/mac/projects/poker_texas_air/src/airs_lean/.lake/packages/aesop/.lake/build/lib/lean:/Users/mac/projects/poker_texas_air/src/airs_lean/.lake/packages/proofwidgets/.lake/build/lib/lean:/Users/mac/projects/poker_texas_air/src/airs_lean/.lake/packages/importGraph/.lake/build/lib/lean:/Users/mac/projects/poker_texas_air/src/airs_lean/.lake/packages/LeanSearchClient/.lake/build/lib/lean:/Users/mac/projects/poker_texas_air/src/airs_lean/.lake/packages/plausible/.lake/build/lib/lean:/Users/mac/projects/poker_texas_air/src/airs_lean/.lake/packages/mathlib/.lake/build/lib/lean:/Users/mac/projects/poker_texas_air/src/airs_lean/.lake/build/lib/lean /Users/mac/.elan/toolchains/leanprover--lean4---v4.32.0/bin/lean /Users/mac/projects/poker_texas_air/src/airs_lean/AirsLean/Custody/ChipState.lean -o /Users/mac/projects/poker_texas_air/src/airs_lean/.lake/build/lib/lean/AirsLean/Custody/ChipState.olean -i /Users/mac/projects/poker_texas_air/src/airs_lean/.lake/build/lib/lean/AirsLean/Custody/ChipState.ilean -c /Users/mac/projects/poker_texas_air/src/airs_lean/.lake/build/ir/AirsLean/Custody/ChipState.c --setup /Users/mac/projects/poker_texas_air/src/airs_lean/.lake/build/ir/AirsLean/Custody/ChipState.setup.json --json",
   "level": "trace"}],
 "inputs":
 [["AirsLean.Custody.ChipState:deps",
   [["deps",
     [["airs_lean/AirsLean:extraDep",
       [["@airs_lean:extraDep", "00000000000006bb"]]],
      ["imports",
       [["AirsLean.Soundness.Composition transitive imports (legacy)",
         "c93606d2a7e9983a"],
        ["AirsLean.Soundness.Composition:importAllArts",
         "e7b3b62a3acefd9e"]]]]],
    ["libs",
     [["import dynlibs", "00000000000006bb"],
      ["package external libraries", "00000000000006bb"],
      ["module dynlibs", "00000000000006bb"],
      ["module plugins", "00000000000006bb"]]]]],
  ["Lean 4.32.0, commit 8c9756b28d64dab099da31a4c09229a9e6a2ef35",
   "5d4a267a1ba5cafb"],
  ["/Users/mac/projects/poker_texas_air/src/airs_lean/AirsLean/Custody/ChipState.lean",
   "932cda13a3a1403c"],
  ["options",
   [["-Dpp.unicode=true", "5d551e0558a65aa9"],
    ["-DrelaxedAutoImplicit=false", "74a2b5546b55be80"],
    ["-DmaxRecDepth=1024", "6d020e838abbb30a"],
    ["-DmaxHeartbeats=5120000", "131e5bfe772120a4"],
    ["-DautoImplicit=false", "4a85acb881fd49d0"]]],
  ["isModule: false", "feefd2a0d3a1847e"],
  ["Module.name: AirsLean.Custody.ChipState", "b679b98b6676997a"],
  ["Package.id?: (some airs_lean)", "f3f380a7e15b4cb6"],
  ["Module.leanArgs: #[]", "00000000000006bb"]],
 "depHash": "291abd76d12a257e"}