{"synthetic": false,
 "schemaVersion": "2025-09-10",
 "outputs":
 {"o": ["66209aa7577943d4.olean"],
  "m": false,
  "i": "3552ffa7987c7184.ilean",
  "c": "a7a715d58f838dbd.c"},
 "log":
 [{"message":
   ".> LEAN_PATH=/Users/mac/projects/poker_texas_air/src/airs_lean/.lake/packages/Cli/.lake/build/lib/lean:/Users/mac/projects/poker_texas_air/src/airs_lean/.lake/packages/batteries/.lake/build/lib/lean:/Users/mac/projects/poker_texas_air/src/airs_lean/.lake/packages/Qq/.lake/build/lib/lean:/Users/mac/projects/poker_texas_air/src/airs_lean/.lake/packages/aesop/.lake/build/lib/lean:/Users/mac/projects/poker_texas_air/src/airs_lean/.lake/packages/proofwidgets/.lake/build/lib/lean:/Users/mac/projects/poker_texas_air/src/airs_lean/.lake/packages/importGraph/.lake/build/lib/lean:/Users/mac/projects/poker_texas_air/src/airs_lean/.lake/packages/LeanSearchClient/.lake/build/lib/lean:/Users/mac/projects/poker_texas_air/src/airs_lean/.lake/packages/plausible/.lake/build/lib/lean:/Users/mac/projects/poker_texas_air/src/airs_lean/.lake/packages/mathlib/.lake/build/lib/lean:/Users/mac/projects/poker_texas_air/src/airs_lean/.lake/build/lib/lean /Users/mac/.elan/toolchains/leanprover--lean4---v4.32.0/bin/lean /Users/mac/projects/poker_texas_air/src/airs_lean/AirsLean/Custody/Conservation.lean -o /Users/mac/projects/poker_texas_air/src/airs_lean/.lake/build/lib/lean/AirsLean/Custody/Conservation.olean -i /Users/mac/projects/poker_texas_air/src/airs_lean/.lake/build/lib/lean/AirsLean/Custody/Conservation.ilean -c /Users/mac/projects/poker_texas_air/src/airs_lean/.lake/build/ir/AirsLean/Custody/Conservation.c --setup /Users/mac/projects/poker_texas_air/src/airs_lean/.lake/build/ir/AirsLean/Custody/Conservation.setup.json --json",
   "level": "trace"}],
 "inputs":
 [["AirsLean.Custody.Conservation:deps",
   [["deps",
     [["airs_lean/AirsLean:extraDep",
       [["@airs_lean:extraDep", "00000000000006bb"]]],
      ["imports",
       [["AirsLean.Custody.ChipState transitive imports (legacy)",
         "06b24a720ab18598"],
        ["AirsLean.Custody.ChipState:importAllArts", "4fa88a567f3c36fb"]]]]],
    ["libs",
     [["import dynlibs", "00000000000006bb"],
      ["package external libraries", "00000000000006bb"],
      ["module dynlibs", "00000000000006bb"],
      ["module plugins", "00000000000006bb"]]]]],
  ["Lean 4.32.0, commit 8c9756b28d64dab099da31a4c09229a9e6a2ef35",
   "5d4a267a1ba5cafb"],
  ["/Users/mac/projects/poker_texas_air/src/airs_lean/AirsLean/Custody/Conservation.lean",
   "e6567012d3564256"],
  ["options",
   [["-Dpp.unicode=true", "5d551e0558a65aa9"],
    ["-DrelaxedAutoImplicit=false", "74a2b5546b55be80"],
    ["-DmaxRecDepth=1024", "6d020e838abbb30a"],
    ["-DmaxHeartbeats=5120000", "131e5bfe772120a4"],
    ["-DautoImplicit=false", "4a85acb881fd49d0"]]],
  ["isModule: false", "feefd2a0d3a1847e"],
  ["Module.name: AirsLean.Custody.Conservation", "700165cc252035b9"],
  ["Package.id?: (some airs_lean)", "f3f380a7e15b4cb6"],
  ["Module.leanArgs: #[]", "00000000000006bb"]],
 "depHash": "b174bca573e97bcc"}