{"synthetic": false,
 "schemaVersion": "2025-09-10",
 "outputs":
 {"o": ["7c0364cd4da73bc0.olean"],
  "m": false,
  "i": "db5c49daad568d46.ilean",
  "c": "7a9d1c43e15b5f52.c"},
 "log":
 [{"message":
   ".> LEAN_PATH=/Users/mac/projects/poker_texas_air/src/airs_lean/.lake/packages/Cli/.lake/build/lib/lean:/Users/mac/projects/poker_texas_air/src/airs_lean/.lake/packages/batteries/.lake/build/lib/lean:/Users/mac/projects/poker_texas_air/src/airs_lean/.lake/packages/Qq/.lake/build/lib/lean:/Users/mac/projects/poker_texas_air/src/airs_lean/.lake/packages/aesop/.lake/build/lib/lean:/Users/mac/projects/poker_texas_air/src/airs_lean/.lake/packages/proofwidgets/.lake/build/lib/lean:/Users/mac/projects/poker_texas_air/src/airs_lean/.lake/packages/importGraph/.lake/build/lib/lean:/Users/mac/projects/poker_texas_air/src/airs_lean/.lake/packages/LeanSearchClient/.lake/build/lib/lean:/Users/mac/projects/poker_texas_air/src/airs_lean/.lake/packages/plausible/.lake/build/lib/lean:/Users/mac/projects/poker_texas_air/src/airs_lean/.lake/packages/mathlib/.lake/build/lib/lean:/Users/mac/projects/poker_texas_air/src/airs_lean/.lake/build/lib/lean /Users/mac/.elan/toolchains/leanprover--lean4---v4.32.0/bin/lean /Users/mac/projects/poker_texas_air/src/airs_lean/AirsLean/Censorship/ActionLog.lean -o /Users/mac/projects/poker_texas_air/src/airs_lean/.lake/build/lib/lean/AirsLean/Censorship/ActionLog.olean -i /Users/mac/projects/poker_texas_air/src/airs_lean/.lake/build/lib/lean/AirsLean/Censorship/ActionLog.ilean -c /Users/mac/projects/poker_texas_air/src/airs_lean/.lake/build/ir/AirsLean/Censorship/ActionLog.c --setup /Users/mac/projects/poker_texas_air/src/airs_lean/.lake/build/ir/AirsLean/Censorship/ActionLog.setup.json --json",
   "level": "trace"}],
 "inputs":
 [["AirsLean.Censorship.ActionLog:deps",
   [["deps",
     [["airs_lean/AirsLean:extraDep",
       [["@airs_lean:extraDep", "00000000000006bb"]]],
      ["imports",
       [["AirsLean.Censorship.ActionSig transitive imports (legacy)",
         "6d3498369919c235"],
        ["AirsLean.Censorship.ActionSig:importAllArts", "cec27d8d8ee15a79"]]]]],
    ["libs",
     [["import dynlibs", "00000000000006bb"],
      ["package external libraries", "00000000000006bb"],
      ["module dynlibs", "00000000000006bb"],
      ["module plugins", "00000000000006bb"]]]]],
  ["Lean 4.32.0, commit 8c9756b28d64dab099da31a4c09229a9e6a2ef35",
   "5d4a267a1ba5cafb"],
  ["/Users/mac/projects/poker_texas_air/src/airs_lean/AirsLean/Censorship/ActionLog.lean",
   "b21bedcdf7c6e34d"],
  ["options",
   [["-Dpp.unicode=true", "5d551e0558a65aa9"],
    ["-DrelaxedAutoImplicit=false", "74a2b5546b55be80"],
    ["-DmaxRecDepth=1024", "6d020e838abbb30a"],
    ["-DmaxHeartbeats=5120000", "131e5bfe772120a4"],
    ["-DautoImplicit=false", "4a85acb881fd49d0"]]],
  ["isModule: false", "feefd2a0d3a1847e"],
  ["Module.name: AirsLean.Censorship.ActionLog", "9a13de28b29be505"],
  ["Package.id?: (some airs_lean)", "f3f380a7e15b4cb6"],
  ["Module.leanArgs: #[]", "00000000000006bb"]],
 "depHash": "375123c6f93bc9ab"}