{"synthetic": false,
 "schemaVersion": "2025-09-10",
 "outputs":
 {"o": ["988bb6924e03e7e7.olean"],
  "m": false,
  "i": "9dbee4032a2a1e1d.ilean",
  "c": "0c6cf1d6ca682885.c"},
 "log":
 [{"message":
   ".> LEAN_PATH=/Users/mac/projects/poker_texas_air/src/airs_lean/.lake/packages/Cli/.lake/build/lib/lean:/Users/mac/projects/poker_texas_air/src/airs_lean/.lake/packages/batteries/.lake/build/lib/lean:/Users/mac/projects/poker_texas_air/src/airs_lean/.lake/packages/Qq/.lake/build/lib/lean:/Users/mac/projects/poker_texas_air/src/airs_lean/.lake/packages/aesop/.lake/build/lib/lean:/Users/mac/projects/poker_texas_air/src/airs_lean/.lake/packages/proofwidgets/.lake/build/lib/lean:/Users/mac/projects/poker_texas_air/src/airs_lean/.lake/packages/importGraph/.lake/build/lib/lean:/Users/mac/projects/poker_texas_air/src/airs_lean/.lake/packages/LeanSearchClient/.lake/build/lib/lean:/Users/mac/projects/poker_texas_air/src/airs_lean/.lake/packages/plausible/.lake/build/lib/lean:/Users/mac/projects/poker_texas_air/src/airs_lean/.lake/packages/mathlib/.lake/build/lib/lean:/Users/mac/projects/poker_texas_air/src/airs_lean/.lake/build/lib/lean /Users/mac/.elan/toolchains/leanprover--lean4---v4.32.0/bin/lean /Users/mac/projects/poker_texas_air/src/airs_lean/AirsLean/Censorship.lean -o /Users/mac/projects/poker_texas_air/src/airs_lean/.lake/build/lib/lean/AirsLean/Censorship.olean -i /Users/mac/projects/poker_texas_air/src/airs_lean/.lake/build/lib/lean/AirsLean/Censorship.ilean -c /Users/mac/projects/poker_texas_air/src/airs_lean/.lake/build/ir/AirsLean/Censorship.c --setup /Users/mac/projects/poker_texas_air/src/airs_lean/.lake/build/ir/AirsLean/Censorship.setup.json --json",
   "level": "trace"}],
 "inputs":
 [["AirsLean.Censorship:deps",
   [["deps",
     [["airs_lean/AirsLean:extraDep",
       [["@airs_lean:extraDep", "00000000000006bb"]]],
      ["imports",
       [["AirsLean.Censorship.ActionSig transitive imports (legacy)",
         "6d3498369919c235"],
        ["AirsLean.Censorship.ActionSig:importAllArts", "cec27d8d8ee15a79"],
        ["AirsLean.Censorship.ActionLog transitive imports (legacy)",
         "c29178850d818b53"],
        ["AirsLean.Censorship.ActionLog:importAllArts", "5515135e62cf37bb"],
        ["AirsLean.Censorship.AcceptedSeq transitive imports (legacy)",
         "f74803a2c3bbe0fb"],
        ["AirsLean.Censorship.AcceptedSeq:importAllArts", "e438d04d45fe2a58"],
        ["AirsLean.Censorship.AutoAction transitive imports (legacy)",
         "06678431278c40e4"],
        ["AirsLean.Censorship.AutoAction:importAllArts", "4c04b512ca36ed6f"],
        ["AirsLean.Censorship.DigestBinding transitive imports (legacy)",
         "04baac61313105be"],
        ["AirsLean.Censorship.DigestBinding:importAllArts",
         "ceaca39e53b5d060"]]]]],
    ["libs",
     [["import dynlibs", "00000000000006bb"],
      ["package external libraries", "00000000000006bb"],
      ["module dynlibs", "00000000000006bb"],
      ["module plugins", "00000000000006bb"]]]]],
  ["Lean 4.32.0, commit 8c9756b28d64dab099da31a4c09229a9e6a2ef35",
   "5d4a267a1ba5cafb"],
  ["/Users/mac/projects/poker_texas_air/src/airs_lean/AirsLean/Censorship.lean",
   "aa34840ef4a7bca2"],
  ["options",
   [["-Dpp.unicode=true", "5d551e0558a65aa9"],
    ["-DrelaxedAutoImplicit=false", "74a2b5546b55be80"],
    ["-DmaxRecDepth=1024", "6d020e838abbb30a"],
    ["-DmaxHeartbeats=5120000", "131e5bfe772120a4"],
    ["-DautoImplicit=false", "4a85acb881fd49d0"]]],
  ["isModule: false", "feefd2a0d3a1847e"],
  ["Module.name: AirsLean.Censorship", "24298d6585b08d9c"],
  ["Package.id?: (some airs_lean)", "f3f380a7e15b4cb6"],
  ["Module.leanArgs: #[]", "00000000000006bb"]],
 "depHash": "2544f907f4c2eb4c"}