{"synthetic": false,
 "schemaVersion": "2025-09-10",
 "outputs":
 {"o": ["654dcc6c5afd7585.olean"],
  "m": false,
  "i": "de7a2e8f59c2f23d.ilean",
  "c": "fdb2d48781fd6dab.c"},
 "log":
 [{"message":
   ".> LEAN_PATH=/Users/mac/projects/poker_texas_air/src/airs_lean/.lake/packages/Cli/.lake/build/lib/lean:/Users/mac/projects/poker_texas_air/src/airs_lean/.lake/packages/batteries/.lake/build/lib/lean:/Users/mac/projects/poker_texas_air/src/airs_lean/.lake/packages/Qq/.lake/build/lib/lean:/Users/mac/projects/poker_texas_air/src/airs_lean/.lake/packages/aesop/.lake/build/lib/lean:/Users/mac/projects/poker_texas_air/src/airs_lean/.lake/packages/proofwidgets/.lake/build/lib/lean:/Users/mac/projects/poker_texas_air/src/airs_lean/.lake/packages/importGraph/.lake/build/lib/lean:/Users/mac/projects/poker_texas_air/src/airs_lean/.lake/packages/LeanSearchClient/.lake/build/lib/lean:/Users/mac/projects/poker_texas_air/src/airs_lean/.lake/packages/plausible/.lake/build/lib/lean:/Users/mac/projects/poker_texas_air/src/airs_lean/.lake/packages/mathlib/.lake/build/lib/lean:/Users/mac/projects/poker_texas_air/src/airs_lean/.lake/build/lib/lean /Users/mac/.elan/toolchains/leanprover--lean4---v4.32.0/bin/lean /Users/mac/projects/poker_texas_air/src/airs_lean/AirsLean/Custody.lean -o /Users/mac/projects/poker_texas_air/src/airs_lean/.lake/build/lib/lean/AirsLean/Custody.olean -i /Users/mac/projects/poker_texas_air/src/airs_lean/.lake/build/lib/lean/AirsLean/Custody.ilean -c /Users/mac/projects/poker_texas_air/src/airs_lean/.lake/build/ir/AirsLean/Custody.c --setup /Users/mac/projects/poker_texas_air/src/airs_lean/.lake/build/ir/AirsLean/Custody.setup.json --json",
   "level": "trace"}],
 "inputs":
 [["AirsLean.Custody:deps",
   [["deps",
     [["airs_lean/AirsLean:extraDep",
       [["@airs_lean:extraDep", "00000000000006bb"]]],
      ["imports",
       [["AirsLean.Custody.ChipState transitive imports (legacy)",
         "06b24a720ab18598"],
        ["AirsLean.Custody.ChipState:importAllArts", "4fa88a567f3c36fb"],
        ["AirsLean.Custody.Conservation transitive imports (legacy)",
         "44384546493560f4"],
        ["AirsLean.Custody.Conservation:importAllArts", "ec613e3238dad42a"],
        ["AirsLean.Custody.BetBound transitive imports (legacy)",
         "48d06500abaf34e8"],
        ["AirsLean.Custody.BetBound:importAllArts", "acec09658114565e"],
        ["AirsLean.Custody.ExitControl transitive imports (legacy)",
         "242ec498bb98fbe4"],
        ["AirsLean.Custody.ExitControl:importAllArts", "8654c4350b516e95"],
        ["AirsLean.Custody.WithdrawBound transitive imports (legacy)",
         "7904d7914f4a84b2"],
        ["AirsLean.Custody.WithdrawBound:importAllArts",
         "57dbf2d0233a181d"]]]]],
    ["libs",
     [["import dynlibs", "00000000000006bb"],
      ["package external libraries", "00000000000006bb"],
      ["module dynlibs", "00000000000006bb"],
      ["module plugins", "00000000000006bb"]]]]],
  ["Lean 4.32.0, commit 8c9756b28d64dab099da31a4c09229a9e6a2ef35",
   "5d4a267a1ba5cafb"],
  ["/Users/mac/projects/poker_texas_air/src/airs_lean/AirsLean/Custody.lean",
   "6923e13cf7158e6e"],
  ["options",
   [["-Dpp.unicode=true", "5d551e0558a65aa9"],
    ["-DrelaxedAutoImplicit=false", "74a2b5546b55be80"],
    ["-DmaxRecDepth=1024", "6d020e838abbb30a"],
    ["-DmaxHeartbeats=5120000", "131e5bfe772120a4"],
    ["-DautoImplicit=false", "4a85acb881fd49d0"]]],
  ["isModule: false", "feefd2a0d3a1847e"],
  ["Module.name: AirsLean.Custody", "5e416e63fbdb5485"],
  ["Package.id?: (some airs_lean)", "f3f380a7e15b4cb6"],
  ["Module.leanArgs: #[]", "00000000000006bb"]],
 "depHash": "b14fc3afd3cb775e"}