{"synthetic": false,
 "schemaVersion": "2025-09-10",
 "outputs":
 {"o": ["2ab11910426a0ceb.olean"],
  "m": false,
  "i": "5b69c0db2c4c035a.ilean",
  "c": "e06adb5c0cd8b5bc.c"},
 "log":
 [{"message":
   ".> LEAN_PATH=/Users/mac/projects/poker_texas_air/src/airs_lean/.lake/packages/Cli/.lake/build/lib/lean:/Users/mac/projects/poker_texas_air/src/airs_lean/.lake/packages/batteries/.lake/build/lib/lean:/Users/mac/projects/poker_texas_air/src/airs_lean/.lake/packages/Qq/.lake/build/lib/lean:/Users/mac/projects/poker_texas_air/src/airs_lean/.lake/packages/aesop/.lake/build/lib/lean:/Users/mac/projects/poker_texas_air/src/airs_lean/.lake/packages/proofwidgets/.lake/build/lib/lean:/Users/mac/projects/poker_texas_air/src/airs_lean/.lake/packages/importGraph/.lake/build/lib/lean:/Users/mac/projects/poker_texas_air/src/airs_lean/.lake/packages/LeanSearchClient/.lake/build/lib/lean:/Users/mac/projects/poker_texas_air/src/airs_lean/.lake/packages/plausible/.lake/build/lib/lean:/Users/mac/projects/poker_texas_air/src/airs_lean/.lake/packages/mathlib/.lake/build/lib/lean:/Users/mac/projects/poker_texas_air/src/airs_lean/.lake/build/lib/lean /Users/mac/.elan/toolchains/leanprover--lean4---v4.32.0/bin/lean /Users/mac/projects/poker_texas_air/src/airs_lean/AirsLean/Soundness.lean -o /Users/mac/projects/poker_texas_air/src/airs_lean/.lake/build/lib/lean/AirsLean/Soundness.olean -i /Users/mac/projects/poker_texas_air/src/airs_lean/.lake/build/lib/lean/AirsLean/Soundness.ilean -c /Users/mac/projects/poker_texas_air/src/airs_lean/.lake/build/ir/AirsLean/Soundness.c --setup /Users/mac/projects/poker_texas_air/src/airs_lean/.lake/build/ir/AirsLean/Soundness.setup.json --json",
   "level": "trace"}],
 "inputs":
 [["AirsLean.Soundness:deps",
   [["deps",
     [["airs_lean/AirsLean:extraDep",
       [["@airs_lean:extraDep", "00000000000006bb"]]],
      ["imports",
       [["AirsLean.Soundness.CommonColumns transitive imports (legacy)",
         "b487df4edcaf684e"],
        ["AirsLean.Soundness.CommonColumns:importAllArts", "7abebef03805349b"],
        ["AirsLean.Soundness.ActionAIRs transitive imports (legacy)",
         "5587fd17e0871741"],
        ["AirsLean.Soundness.ActionAIRs:importAllArts", "c377da05a96d5e53"],
        ["AirsLean.Soundness.FundsAIRs transitive imports (legacy)",
         "3a68d9baab0ed6c0"],
        ["AirsLean.Soundness.FundsAIRs:importAllArts", "4b1bc639026b8a66"],
        ["AirsLean.Soundness.LifecycleAIRs transitive imports (legacy)",
         "48da6d1073513ed5"],
        ["AirsLean.Soundness.LifecycleAIRs:importAllArts", "96c3cf4a7e1e1f5b"],
        ["AirsLean.Soundness.Composition transitive imports (legacy)",
         "c93606d2a7e9983a"],
        ["AirsLean.Soundness.Composition:importAllArts", "e7b3b62a3acefd9e"],
        ["AirsLean.Soundness.RoundAndSettlement transitive imports (legacy)",
         "397254bd013328f6"],
        ["AirsLean.Soundness.RoundAndSettlement:importAllArts",
         "73cff072093c31eb"]]]]],
    ["libs",
     [["import dynlibs", "00000000000006bb"],
      ["package external libraries", "00000000000006bb"],
      ["module dynlibs", "00000000000006bb"],
      ["module plugins", "00000000000006bb"]]]]],
  ["Lean 4.32.0, commit 8c9756b28d64dab099da31a4c09229a9e6a2ef35",
   "5d4a267a1ba5cafb"],
  ["/Users/mac/projects/poker_texas_air/src/airs_lean/AirsLean/Soundness.lean",
   "72f5d0ca99aed045"],
  ["options",
   [["-Dpp.unicode=true", "5d551e0558a65aa9"],
    ["-DrelaxedAutoImplicit=false", "74a2b5546b55be80"],
    ["-DmaxRecDepth=1024", "6d020e838abbb30a"],
    ["-DmaxHeartbeats=5120000", "131e5bfe772120a4"],
    ["-DautoImplicit=false", "4a85acb881fd49d0"]]],
  ["isModule: false", "feefd2a0d3a1847e"],
  ["Module.name: AirsLean.Soundness", "879f21f34d43846b"],
  ["Package.id?: (some airs_lean)", "f3f380a7e15b4cb6"],
  ["Module.leanArgs: #[]", "00000000000006bb"]],
 "depHash": "e918436a88098a18"}